{
   "chicken": {
      "bar": "cluck"
   },
   "cow": {
      "foo": "moo"
   }
}
