{
   "env": [ ],
   "image": "nginx:1.7.9",
   "imagePullPolicy": "Always",
   "name": "nginx",
   "ports": [
      {
         "containerPort": 80,
         "name": "http"
      }
   ],
   "volumeMounts": [ ]
}
